\BOOKMARK [1][-]{section.1}{\376\377\176\323\213\272\166\204\116\011\134\102\122\006\176\247}{}% 1
\BOOKMARK [1][-]{section.2}{\376\377\127\372\147\054\133\371\214\141}{}% 2
\BOOKMARK [1][-]{section.3}{\376\377\000K\000L\000-\000R\000L\000H\000F\000\040\166\204\116\045\150\074\153\213\135\356\137\142\137\017}{}% 3
\BOOKMARK [2][-]{subsection.3.1}{\376\377\000G\000i\000b\000b\000s\000\040\225\355\137\017\211\343}{section.3}% 4
\BOOKMARK [2][-]{subsection.3.2}{\376\377\153\213\135\356\000\040\000r\000e\000w\000a\000r\000d\000\040\166\204\174\276\170\156\124\175\230\230}{section.3}% 5
\BOOKMARK [1][-]{section.4}{\376\377\150\145\116\000\377\032\000S\000F\000T\000\040\000/\000\040\145\160\143\156\137\256\214\003\117\134\116\072\000\040\000I\000n\000v\000e\000r\000s\000e\000\040\000R\000L\000H\000F}{}% 6
\BOOKMARK [2][-]{subsection.4.1}{\376\377\133\306\136\246\153\324\000\040\000r\000e\000w\000a\000r\000d}{section.4}% 7
\BOOKMARK [2][-]{subsection.4.2}{\376\377\171\076\123\072\145\160\143\156\116\016\165\050\142\067\145\160\143\156\166\204\122\277\200\375}{section.4}% 8
\BOOKMARK [1][-]{section.5}{\376\377\150\145\116\214\377\032\000F\000M\000\040\126\336\137\122\117\134\116\072\000\040\000P\000a\000t\000h\000-\000K\000L\000\040\142\225\137\161}{}% 9
\BOOKMARK [2][-]{subsection.5.1}{\376\377\215\357\137\204\172\172\225\364\000\040\000K\000L}{section.5}% 10
\BOOKMARK [2][-]{subsection.5.2}{\376\377\170\156\133\232\140\047\000\040\000F\000M\000\040\166\204\150\145\377\032\000v\000a\000n\000i\000s\000h\000i\000n\000g\000-\000n\000o\000i\000s\000e\000\040\116\016\000\040\000t\000r\000a\000n\000s\000p\000o\000r\000t\000-\000a\000c\000t\000i\000o\000n}{section.5}% 11
\BOOKMARK [1][-]{section.6}{\376\377\123\357\213\255\176\303\133\120\172\172\225\364\116\016\142\225\137\161\173\227\133\120}{}% 12
\BOOKMARK [2][-]{subsection.6.1}{\376\377\134\100\220\350\176\277\140\047\123\026}{section.6}% 13
\BOOKMARK [2][-]{subsection.6.2}{\376\377\123\357\217\276\121\375\145\160\172\172\225\364}{section.6}% 14
\BOOKMARK [1][-]{section.7}{\376\377\150\070\137\303\220\022\143\250}{}% 15
\BOOKMARK [2][-]{subsection.7.1}{\376\377\176\277\140\047\123\340\122\240\117\125\145\366\142\020\172\313}{section.7}% 16
\BOOKMARK [2][-]{subsection.7.2}{\376\377\215\357\137\204\117\235\215\126}{section.7}% 17
\BOOKMARK [1][-]{section.8}{\376\377\136\163\156\321\217\271\177\030\116\012\166\204\146\157\211\302\220\022\143\250}{}% 18
\BOOKMARK [2][-]{subsection.8.1}{\376\377\000R\000e\000w\000e\000i\000g\000h\000t\000-\000t\000h\000e\000n\000-\000s\000m\000o\000o\000t\000h\000\040\116\016\000\040\000s\000m\000o\000o\000t\000h\000-\000t\000h\000e\000n\000-\000r\000e\000w\000e\000i\000g\000h\000t\000\040\116\015\116\244\143\142}{section.8}% 19
\BOOKMARK [2][-]{subsection.8.2}{\376\377\000C\000u\000m\000u\000l\000a\000n\000t\000\040\134\125\137\000}{section.8}% 20
\BOOKMARK [2][-]{subsection.8.3}{\376\377\146\157\211\302\146\362\163\207\220\022\143\250}{section.8}% 21
\BOOKMARK [1][-]{section.9}{\376\377\000P\000o\000s\000t\000e\000r\000i\000o\000r\000\040\000S\000c\000o\000r\000e\000\040\000C\000o\000v\000a\000r\000i\000a\000n\000c\000e\000\040\166\204\153\143\170\156\117\115\177\156}{}% 22
\BOOKMARK [2][-]{subsection.9.1}{\376\377\232\330\145\257\155\367\124\010\000\040\000H\000e\000s\000s\000i\000a\000n\000\040\122\006\211\343}{section.9}% 23
\BOOKMARK [2][-]{subsection.9.2}{\376\377\000P\000r\000o\000b\000a\000b\000i\000l\000i\000t\000y\000\040\000F\000l\000o\000w\000\040\000J\000a\000c\000o\000b\000i\000a\000n\000\040\166\204\172\063\120\145\210\150\217\360}{section.9}% 24
\BOOKMARK [2][-]{subsection.9.3}{\376\377\217\333\121\145\213\255\176\303\220\022\143\250\166\204\215\357\137\204}{section.9}% 25
\BOOKMARK [1][-]{section.10}{\376\377\214\061\127\120\150\007\116\013\166\204\123\357\217\276\140\047\220\022\143\250}{}% 26
\BOOKMARK [1][-]{section.11}{\376\377\133\371\237\120\172\016}{}% 27
\BOOKMARK [1][-]{section.12}{\376\377\000J\000e\000t\000-\000F\000M\000\040\000/\000\040\142\160\122\250\213\255\176\303\166\204\117\115\177\156}{}% 28
\BOOKMARK [2][-]{subsection.12.1}{\376\377\142\160\122\250\000\040\000\040\000S\000o\000b\000o\000l\000e\000v\000\040\142\225\137\161}{section.12}% 29
\BOOKMARK [1][-]{section.13}{\376\377\131\032\226\066\153\265\116\055\153\317\116\000\226\066\153\265\145\071\123\330\116\206\116\300\116\110}{}% 30
\BOOKMARK [1][-]{section.14}{\376\377\126\333\147\141\150\070\137\303\124\175\230\230}{}% 31
\BOOKMARK [1][-]{section.15}{\376\377\173\054\116\000\220\350\122\006\134\017\176\323\377\032\145\340\147\141\116\366\150\106\147\266}{}% 32
\BOOKMARK [1][-]{section.16}{\376\377\200\124\124\010\147\141\116\366\155\113\136\246\116\016\000\040\000f\000i\000b\000e\000r\000w\000i\000s\000e\000\040\000g\000a\000u\000g\000e}{}% 33
\BOOKMARK [2][-]{subsection.16.1}{\376\377\133\371\214\141\377\032\116\000\145\317\147\141\116\366\122\006\136\003\377\014\143\320\123\107\116\072\200\124\124\010\155\113\136\246}{section.16}% 34
\BOOKMARK [2][-]{subsection.16.2}{\376\377\000F\000i\000b\000e\000r\000w\000i\000s\000e\000\040\000g\000a\000u\000g\000e\377\032\137\122\116\000\123\026\146\057\153\317\116\052\000\040\000f\000i\000b\000e\000r\000\040\116\012\166\204\176\246\147\137}{section.16}% 35
\BOOKMARK [1][-]{section.17}{\376\377\147\141\116\366\122\007\172\172\225\364\116\016\153\213\135\356}{}% 36
\BOOKMARK [2][-]{subsection.17.1}{\376\377\122\007\172\172\225\364\377\032\153\213\135\356\146\057\147\141\116\366\133\306\136\246\155\101\166\204\122\007\124\021\221\317}{section.17}% 37
\BOOKMARK [2][-]{subsection.17.2}{\376\377\153\213\135\356\377\032\201\352\122\250\124\070\145\066\000\040\000f\000i\000b\000e\000r\000w\000i\000s\000e\000\040\137\122\116\000\123\026}{section.17}% 38
\BOOKMARK [1][-]{section.18}{\376\377\147\141\116\366\153\213\135\356\142\225\137\161\220\022\143\250\377\010\116\073\220\022\143\250\377\011}{}% 39
\BOOKMARK [1][-]{section.19}{\376\377\145\340\147\141\116\366\000\040\000/\000\040\133\371\153\324\122\006\211\343}{}% 40
\BOOKMARK [2][-]{subsection.19.1}{\376\377\000c\000a\000p\000t\000i\000o\000n\000-\000i\000n\000v\000a\000r\000i\000a\000n\000t\000\040\133\120\172\172\225\364}{section.19}% 41
\BOOKMARK [1][-]{section.20}{\376\377\000P\000r\000o\000m\000p\000t\000\040\123\357\143\247\140\047\377\032\136\162\230\204\124\315\136\224\173\227\133\120}{}% 42
\BOOKMARK [1][-]{section.21}{\376\377\000C\000a\000p\000t\000i\000o\000n\000\040\000d\000r\000o\000p\000o\000u\000t\377\032\201\120\123\026\220\032\220\123\116\016\116\222\117\341\140\157}{}% 43
\BOOKMARK [1][-]{section.22}{\376\377\147\266\147\204\377\032\000J\000a\000c\000o\000b\000i\000a\000n\000\040\000r\000a\000n\000g\000e\000\040\116\016\142\225\137\161\116\244\143\142\133\120}{}% 44
\BOOKMARK [2][-]{subsection.22.1}{\376\377\000f\000i\000r\000e\000w\000a\000l\000l\000\040\000=\000\040\142\225\137\161\116\244\143\142\133\120\217\321\117\074\116\072\226\366}{section.22}% 45
\BOOKMARK [2][-]{subsection.22.2}{\376\377\000S\000D\000X\000L\000\040\000/\000\040\000F\000L\000U\000X\000\040\166\204\123\072\122\053\146\057\123\357\155\113\124\175\230\230}{section.22}% 46
\BOOKMARK [1][-]{section.23}{\376\377\123\357\217\250\213\306\140\047\377\032\000c\000a\000p\000t\000i\000o\000n\000\040\000-\116\343\145\160\116\016\213\306\122\053\173\227\133\120}{}% 47
\BOOKMARK [1][-]{section.24}{\376\377\210\160\220\000\167\351\226\065\000\040\000=\000\040\116\011\173\227\133\120\166\204\176\304\124\010}{}% 48
\BOOKMARK [1][-]{section.25}{\376\377\116\044\226\066\153\265\133\371\237\120\172\016\116\016\116\244\123\311\230\171}{}% 49
\BOOKMARK [1][-]{section.26}{\376\377\147\141\116\366\142\151\145\143\000\040\000/\000\040\000F\000l\000o\000w\000\040\000M\000a\000t\000c\000h\000i\000n\000g\377\032\145\207\147\054\117\134\116\072\227\131\140\001\123\330\221\317}{}% 50
\BOOKMARK [1][-]{section.27}{\376\377\176\337\116\000\116\073\133\232\164\006}{}% 51
\BOOKMARK [2][-]{subsection.27.1}{\376\377\133\371\214\141\213\315\121\170}{section.27}% 52
\BOOKMARK [2][-]{subsection.27.2}{\376\377\150\106\147\266\166\204\220\073\217\221\224\376}{section.27}% 53
\BOOKMARK [1][-]{section.28}{\376\377\210\145\137\072\211\201\160\271\377\032\123\237\150\106\147\266\215\363\215\303\166\204\117\356\210\145}{}% 54
