\BOOKMARK [1][-]{section.1}{\376\377\117\177\165\050\213\364\146\016\060\001\173\046\123\367\176\246\133\232\116\016\176\323\213\272\122\006\176\247}{}% 1
\BOOKMARK [1][-]{section.2}{\376\377\140\073\213\272\116\016\162\266\140\001\172\172\225\364}{}% 2
\BOOKMARK [2][-]{subsection.2.1}{\376\377\150\070\137\303\213\272\160\271\377\032\173\126\165\145\172\172\225\364\123\327\162\266\140\001\220\022\143\250\143\247\122\066}{section.2}% 3
\BOOKMARK [2][-]{subsection.2.2}{\376\377\131\015\124\010\162\266\140\001\172\172\225\364}{section.2}% 4
\BOOKMARK [2][-]{subsection.2.3}{\376\377\162\266\140\001\220\022\143\250}{section.2}% 5
\BOOKMARK [2][-]{subsection.2.4}{\376\377\143\247\122\066\123\330\221\317}{section.2}% 6
\BOOKMARK [2][-]{subsection.2.5}{\376\377\116\011\147\141\143\250\213\272}{section.2}% 7
\BOOKMARK [1][-]{section.3}{\376\377\145\160\143\156\122\006\136\003\377\032\121\150\226\306\060\001\167\037\133\120\226\306\116\016\226\220\123\330\221\317\155\113\136\246}{}% 8
\BOOKMARK [2][-]{subsection.3.1}{\376\377\226\220\123\330\221\317\176\323\147\204}{section.3}% 9
\BOOKMARK [2][-]{subsection.3.2}{\376\377\145\340\150\007\173\176\176\257\126\376\120\317\122\006\136\003\377\032\000N\000\040\226\066\200\124\124\010\155\113\136\246}{section.3}% 10
\BOOKMARK [2][-]{subsection.3.3}{\376\377\226\066\153\265\145\160\143\156\122\006\136\003}{section.3}% 11
\BOOKMARK [2][-]{subsection.3.4}{\376\377\121\150\226\306\116\016\167\037\133\120\226\306}{section.3}% 12
\BOOKMARK [1][-]{section.4}{\376\377\116\316\176\317\232\214\155\113\136\246\122\060\121\150\134\100\000\040\000C\000O\000V\000\040\121\340\117\125}{}% 13
\BOOKMARK [2][-]{subsection.4.1}{\376\377\176\317\232\214\155\113\136\246\116\016\136\163\156\321\147\141\116\366\133\306\136\246}{section.4}% 14
\BOOKMARK [2][-]{subsection.4.2}{\376\377\145\340\150\007\173\176\000\040\000N\000\040\226\066\000\040\000p\000o\000s\000t\000e\000r\000i\000o\000r\000\040\116\016\000\040\000C\000O\000V\000\040\127\072}{section.4}% 15
\BOOKMARK [2][-]{subsection.4.3}{\376\377\000P\000o\000s\000t\000e\000r\000i\000o\000r\000\040\000r\000e\000s\000p\000o\000n\000s\000i\000b\000i\000l\000i\000t\000y\000\040\146\057\174\276\170\156\166\204\000\040\000R\000a\000d\000o\000n\040\023\000N\000i\000k\000o\000d\000y\000m\000\040\147\103\221\315}{section.4}% 16
\BOOKMARK [2][-]{subsection.4.4}{\376\377\000S\000c\000o\000r\000e\000\040\116\016\000\040\000H\000e\000s\000s\000i\000a\000n\000\040\166\204\174\276\170\156\122\006\211\343}{section.4}% 17
\BOOKMARK [2][-]{subsection.4.5}{\376\377\121\150\134\100\000\040\000C\000O\000V\000\040\121\340\117\125\162\266\140\001\116\016\134\100\220\350\217\330\123\237\173\227\133\120}{section.4}% 18
\BOOKMARK [1][-]{section.5}{\376\377\153\213\135\356\122\277\200\375\116\016\000\040\000R\000L\000H\000F\000\040\137\142\137\017}{}% 19
\BOOKMARK [2][-]{subsection.5.1}{\376\377\175\057\213\241\122\277\200\375\116\016\166\356\150\007\122\277\200\375}{section.5}% 20
\BOOKMARK [2][-]{subsection.5.2}{\376\377\000G\000i\000b\000b\000s\000\040\225\355\137\017\211\343\116\016\153\213\135\356\000\040\000r\000e\000w\000a\000r\000d}{section.5}% 21
\BOOKMARK [2][-]{subsection.5.3}{\376\377\166\356\150\007\122\006\136\003\166\204\121\340\117\125\136\163\127\107\116\016\000\040\000p\000r\000e\000f\000e\000r\000e\000n\000c\000e\000-\000t\000i\000l\000t\000\040\137\142\137\017}{section.5}% 22
\BOOKMARK [2][-]{subsection.5.4}{\376\377\000f\000i\000b\000e\000r\000w\000i\000s\000e\000\040\000c\000e\000n\000t\000e\000r\000i\000n\000g\000\040\116\016\122\277\200\375\153\213\135\356\000\040\000g\000i\000\050\0000\000\051}{section.5}% 23
\BOOKMARK [1][-]{section.6}{\376\377\123\314\153\213\135\356\377\032\122\277\200\375\153\213\135\356\116\016\121\150\134\100\000\040\000C\000O\000V\000\040\153\213\135\356}{}% 24
\BOOKMARK [2][-]{subsection.6.1}{\376\377\122\250\147\072\377\032\123\125\167\013\122\277\200\375\153\213\135\356\116\015\131\037}{section.6}% 25
\BOOKMARK [2][-]{subsection.6.2}{\376\377\121\150\134\100\000\040\000C\000O\000V\000\040\153\213\135\356}{section.6}% 26
\BOOKMARK [2][-]{subsection.6.3}{\376\377\131\015\124\010\153\213\135\356\000\040\000H\000i\000l\000b\000e\000r\000t\000\040\172\172\225\364}{section.6}% 27
\BOOKMARK [2][-]{subsection.6.4}{\376\377\134\100\220\350\116\214\226\066\153\213\135\356\122\006\211\343\377\010\117\356\153\143\000\040\000"\000"\377\011}{section.6}% 28
\BOOKMARK [2][-]{subsection.6.5}{\376\377\151\202\137\365\117\356\153\143\377\032\116\015\166\364\143\245\117\030\123\026\134\100\220\350\000\040\000C\000O\000V\377\014\200\014\146\057\226\120\122\066\121\150\134\100\121\340\117\125}{section.6}% 29
\BOOKMARK [1][-]{section.7}{\376\377\131\015\124\010\116\214\153\041\127\213\147\000\117\030\143\247\122\066\116\016\000\040\000m\000i\000n\000m\000a\000x}{}% 30
\BOOKMARK [2][-]{subsection.7.1}{\376\377\143\247\122\066\123\330\221\317}{section.7}% 31
\BOOKMARK [2][-]{subsection.7.2}{\376\377\123\357\217\276\124\315\136\224\173\227\133\120}{section.7}% 32
\BOOKMARK [2][-]{subsection.7.3}{\376\377\162\266\140\001\220\022\143\250\116\016\226\066\153\265\116\214\153\041\127\213\143\137\131\061}{section.7}% 33
\BOOKMARK [2][-]{subsection.7.4}{\376\377\131\032\153\145\147\000\117\030\377\032\000B\000e\000l\000l\000m\000a\000n\000\040\220\022\143\250}{section.7}% 34
\BOOKMARK [2][-]{subsection.7.5}{\376\377\000R\000o\000b\000u\000s\000t\000\040\000m\000i\000n\000m\000a\000x}{section.7}% 35
\BOOKMARK [1][-]{section.8}{\376\377\121\150\226\306\040\023\167\037\133\120\226\306\143\250\213\272\377\032\120\117\135\356\060\001\145\271\135\356\116\016\123\357\217\276\140\047}{}% 36
\BOOKMARK [2][-]{subsection.8.1}{\376\377\133\120\226\306\122\277\200\375\000\040\000B\0001\000S\377\032\127\050\123\327\226\120\121\340\117\125\116\012\166\204\133\371\237\120\146\040\134\004}{section.8}% 37
\BOOKMARK [2][-]{subsection.8.2}{\376\377\121\340\117\125\117\060\213\241\166\204\120\117\135\356\040\023\145\271\135\356\122\006\211\343}{section.8}% 38
\BOOKMARK [2][-]{subsection.8.3}{\376\377\122\277\200\375\123\357\133\232\116\111\140\047\213\357\135\356\377\032\116\316\121\340\117\125\142\160\122\250\122\060\122\277\200\375\142\160\122\250}{section.8}% 39
\BOOKMARK [2][-]{subsection.8.4}{\376\377\150\070\137\303\137\040\122\233\116\016\221\315\136\372\122\044\143\156}{section.8}% 40
\BOOKMARK [1][-]{section.9}{\376\377\221\315\160\271\150\110\117\213\377\032\121\110\165\073\230\316\124\016\116\272\162\151}{}% 41
\BOOKMARK [2][-]{subsection.9.1}{\376\377\153\143\170\156\166\204\213\276\133\232\377\032\116\044\226\066\153\265\060\001\167\037\133\120\226\306\060\001\200\014\227\136\145\260\145\160\143\156}{section.9}% 42
\BOOKMARK [2][-]{subsection.9.2}{\376\377\173\054\116\000\226\066\153\265\166\204\133\236\215\050\377\032\124\014\145\366\120\132\116\044\116\366\116\213}{section.9}% 43
\BOOKMARK [2][-]{subsection.9.3}{\376\377\173\054\116\214\226\066\153\265\166\204\133\236\215\050\377\032\146\057\124\046\165\050\133\120\226\306\121\340\117\125\117\356\153\143\121\150\226\306\142\225\137\161}{section.9}% 44
\BOOKMARK [1][-]{section.10}{\376\377\176\244\176\364\176\347\142\177\116\016\176\244\176\364\221\315\136\372\166\204\173\126\165\145\172\172\225\364}{}% 45
\BOOKMARK [2][-]{subsection.10.1}{\376\377\176\244\176\364\176\347\142\177\377\032\000c\000S\000\050\0002\000\051\000=\000c\000S\000\050\0001\000\051}{section.10}% 46
\BOOKMARK [2][-]{subsection.10.2}{\376\377\176\244\176\364\221\315\136\372\377\032\000c\000S\000\050\0002\000\051\000=\000c\000S\000\050\0001\000\051}{section.10}% 47
\BOOKMARK [2][-]{subsection.10.3}{\376\377\150\070\137\303\122\044\122\053\137\017\377\032\147\037\147\033\153\213\135\356\200\375\221\317\166\204\116\214\153\041\127\213\153\324\217\203}{section.10}% 48
\BOOKMARK [1][-]{section.11}{\376\377\123\125\153\145\116\016\131\032\153\145\173\126\165\145\122\006\174\173}{}% 49
\BOOKMARK [2][-]{subsection.11.1}{\376\377\116\072\116\300\116\110\131\047\124\010\226\306\000\040\000L\000o\000R\000A\000\040\136\070\131\061\215\045}{section.11}% 50
\BOOKMARK [1][-]{section.12}{\376\377\143\250\136\177\122\060\000\040\000L\000L\000M\000\040\116\016\116\000\202\054\116\373\122\241}{}% 51
\BOOKMARK [2][-]{subsection.12.1}{\376\377\157\134\123\330\221\317\116\016\121\340\117\125\166\204\133\371\136\224\146\040\134\004}{section.12}% 52
\BOOKMARK [2][-]{subsection.12.2}{\376\377\116\044\226\066\153\265\176\323\147\204\166\204\124\014\147\204}{section.12}% 53
\BOOKMARK [2][-]{subsection.12.3}{\376\377\000L\000L\000M\000\040\116\055\166\204\121\340\117\125\162\266\140\001\000\040\000G}{section.12}% 54
\BOOKMARK [2][-]{subsection.12.4}{\376\377\116\000\202\054\123\026\176\323\213\272}{section.12}% 55
\BOOKMARK [1][-]{section.13}{\376\377\123\357\155\113\213\312\145\255\221\317\060\001\122\044\122\053\147\141\116\366\116\016\131\061\215\045\152\041\137\017}{}% 56
\BOOKMARK [2][-]{subsection.13.1}{\376\377\213\312\145\255\221\317\140\073\210\150}{section.13}% 57
\BOOKMARK [2][-]{subsection.13.2}{\376\377\131\061\215\045\152\041\137\017}{section.13}% 58
\BOOKMARK [1][-]{section.14}{\376\377\137\142\137\017\123\026\124\175\230\230\116\016\143\250\213\272}{}% 59
\BOOKMARK [2][-]{subsection.14.1}{\376\377\153\213\135\356\122\277\200\375\116\016\145\160\143\156\127\072\146\362\163\207\377\010\174\276\170\156\176\323\147\204\377\011}{section.14}% 60
\BOOKMARK [2][-]{subsection.14.2}{\376\377\121\150\226\306\040\023\167\037\133\120\226\306\166\204\120\117\135\356\040\023\145\271\135\356\122\006\211\343}{section.14}% 61
\BOOKMARK [2][-]{subsection.14.3}{\376\377\173\126\165\145\147\000\117\030\140\047\166\204\147\141\116\366\176\323\147\204}{section.14}% 62
\BOOKMARK [1][-]{section.15}{\376\377\147\057\213\355\210\150\060\001\123\302\200\003\145\207\150\143\116\016\121\154\137\017\140\073\211\310}{}% 63
\BOOKMARK [2][-]{subsection.15.1}{\376\377\147\057\213\355\210\150}{section.15}% 64
\BOOKMARK [2][-]{subsection.15.2}{\376\377\123\302\200\003\145\207\150\143}{section.15}% 65
\BOOKMARK [2][-]{subsection.15.3}{\376\377\121\154\137\017\140\073\211\310}{section.15}% 66
